// Jest Snapshot v1, https://goo.gl/fbAQLP

exports[`fontawesomeIconsEdit snapshot fontawesomeIconsEdit snapshot 1`] = `<fontawesomeIconsEdit />`;
